LOADED {'dsa_indexer_scores': True, 'dsa_topk_indices': True}
WARMUP 46.80420863286824 'Your response: ready'
CASE thinking 1 /24 ledger-0 PASS 35.05
CASE thinking 2 /24 state-0 PASS 34.83
CASE thinking 3 /24 dag-0 PASS 36.78
CASE thinking 4 /24 sql-0 FAIL 34.96
CASE thinking 5 /24 graph-0 PASS 36.97
CASE thinking 6 /24 extract-0 PASS 36.82
CASE thinking 7 /24 trace-0 PASS 36.99
CASE thinking 8 /24 retrieval-0 PASS 34.43
CASE thinking 9 /24 ledger-1 PASS 35.7
CASE thinking 10 /24 state-1 PASS 35.38
CASE thinking 11 /24 dag-1 PASS 37.04
CASE thinking 12 /24 sql-1 PASS 35.81
CASE thinking 13 /24 graph-1 PASS 36.86
CASE thinking 14 /24 extract-1 PASS 36.85
CASE thinking 15 /24 trace-1 PASS 36.11
CASE thinking 16 /24 retrieval-1 PASS 34.24
CASE thinking 17 /24 ledger-2 PASS 35.48
CASE thinking 18 /24 state-2 PASS 35.17
CASE thinking 19 /24 dag-2 PASS 37.04
CASE thinking 20 /24 sql-2 FAIL 35.31
CASE thinking 21 /24 graph-2 PASS 36.97
CASE thinking 22 /24 extract-2 PASS 36.82
CASE thinking 23 /24 trace-2 PASS 36.89
CASE thinking 24 /24 retrieval-2 PASS 34.3
